// Jest Snapshot v1, https://goo.gl/fbAQLP

exports[`VaultItemApr Boosted Vaults displays correct APR and boost information 1`] = `
<div>
  <div
    class="MuiBox-root-5 MuiBox-root-6 makeStyles-root-1"
  >
    <div
      class="MuiBox-root-5 MuiBox-root-7"
    >
      <p
        class="MuiTypography-root-8 MuiTypography-body1-10 MuiTypography-colorTextPrimary-33 MuiTypography-displayInline-36"
      >
        10.00%
      </p>
      <img
        alt="apy info icon"
        class="makeStyles-apyInfo-3"
        src="/assets/icons/apy-info.svg"
      />
    </div>
    <div
      class="MuiBox-root-5 MuiBox-root-38"
    >
      <p
        class="MuiTypography-root-8 makeStyles-projectedApr-4 MuiTypography-body1-10"
      >
        Proj. 
        20.00%
      </p>
    </div>
  </div>
</div>
`;

exports[`VaultItemApr No APR Vaults renders zero APR 1`] = `
<div>
  <p
    class="MuiTypography-root-5 makeStyles-apr-2 MuiTypography-body1-7 MuiTypography-colorTextPrimary-30"
  >
    --%
  </p>
</div>
`;
