// Jest Snapshot v1, https://goo.gl/fbAQLP

exports[`VaultFiltersDialogV2 can apply filters 1`] = `
Object {
  "behaviors": Array [
    "DCA",
    "Compounder",
  ],
  "currency": "BTC",
  "hidePortfolioDust": true,
  "onlyBoostedVaults": true,
  "onlyDeposits": true,
  "protocols": Array [
    "Convex",
    "Curve",
  ],
  "search": "bitcoin convex",
  "showAPR": true,
  "statuses": Array [
    "guarded",
    "experimental",
  ],
}
`;

exports[`VaultFiltersDialogV2 renders correctly 1`] = `
<body
  style="padding-right: 0px; overflow: hidden;"
>
   
   
  
  
  <div
    aria-hidden="true"
  />
  <div
    class="MuiDialog-root-8"
    role="presentation"
    style="position: fixed; z-index: 1300; right: 0px; bottom: 0px; top: 0px; left: 0px;"
  >
    <div
      aria-hidden="true"
      class="MuiBackdrop-root-23"
      style="opacity: 1;"
    />
    <div
      data-test="sentinelStart"
      tabindex="0"
    />
    <div
      class="MuiDialog-container-11 MuiDialog-scrollPaper-9"
      role="none presentation"
      style="opacity: 1;"
      tabindex="-1"
    >
      <div
        class="MuiPaper-root-25 MuiDialog-paper-12 MuiDialog-paperScrollPaper-13 MuiDialog-paperWidthSm-17 MuiDialog-paperFullWidth-21 MuiPaper-elevation24-52 MuiPaper-rounded-26"
        role="dialog"
      >
        <div
          class="MuiDialogTitle-root-53 makeStyles-title-1"
        >
          <div
            class="MuiGrid-root-54 MuiGrid-container-55 MuiGrid-align-items-xs-center-63 MuiGrid-justify-content-xs-space-between-74"
          >
            <h5
              class="MuiTypography-root-157 MuiTypography-h5-166 MuiTypography-displayInline-185"
            >
              Filter & Search
            </h5>
            <button
              aria-label="close vault filters"
              class="MuiButtonBase-root-196 MuiIconButton-root-187 makeStyles-closeButton-3"
              tabindex="0"
              type="button"
            >
              <span
                class="MuiIconButton-label-195"
              >
                <svg
                  aria-hidden="true"
                  class="MuiSvgIcon-root-199"
                  focusable="false"
                  viewBox="0 0 24 24"
                >
                  <path
                    d="M19 6.41L17.59 5 12 10.59 6.41 5 5 6.41 10.59 12 5 17.59 6.41 19 12 13.41 17.59 19 19 17.59 13.41 12z"
                  />
                </svg>
              </span>
              <span
                class="MuiTouchRipple-root-383"
              />
            </button>
          </div>
        </div>
        <div
          class="MuiDialogContent-root-208 makeStyles-content-2"
        >
          <hr
            class="MuiDivider-root-210 makeStyles-topDivider-6"
          />
          <div
            class="MuiGrid-root-54 MuiGrid-container-55 MuiGrid-direction-xs-column-58"
          >
            <div
              class="MuiGrid-root-54 MuiGrid-item-56"
            >
              <label
                class="MuiFormControlLabel-root-217"
              >
                <span
                  aria-disabled="false"
                  class="MuiButtonBase-root-196 MuiIconButton-root-187 PrivateSwitchBase-root-229 MuiCheckbox-root-223 MuiCheckbox-colorPrimary-227 MuiIconButton-colorPrimary-191"
                >
                  <span
                    class="MuiIconButton-label-195"
                  >
                    <input
                      class="PrivateSwitchBase-input-232"
                      data-indeterminate="false"
                      type="checkbox"
                      value=""
                    />
                    <svg
                      aria-hidden="true"
                      class="MuiSvgIcon-root-199"
                      focusable="false"
                      viewBox="0 0 24 24"
                    >
                      <path
                        d="M19 5v14H5V5h14m0-2H5c-1.1 0-2 .9-2 2v14c0 1.1.9 2 2 2h14c1.1 0 2-.9 2-2V5c0-1.1-.9-2-2-2z"
                      />
                    </svg>
                  </span>
                  <span
                    class="MuiTouchRipple-root-383"
                  />
                </span>
                <span
                  class="MuiTypography-root-157 MuiFormControlLabel-label-222 MuiTypography-body1-159"
                >
                  <p
                    class="MuiTypography-root-157 MuiTypography-body2-158"
                  >
                    Only show deposits
                  </p>
                </span>
              </label>
            </div>
            <div
              class="MuiGrid-root-54 MuiGrid-item-56"
            >
              <label
                class="MuiFormControlLabel-root-217"
              >
                <span
                  aria-disabled="false"
                  class="MuiButtonBase-root-196 MuiIconButton-root-187 PrivateSwitchBase-root-229 MuiCheckbox-root-223 MuiCheckbox-colorPrimary-227 MuiIconButton-colorPrimary-191"
                >
                  <span
                    class="MuiIconButton-label-195"
                  >
                    <input
                      class="PrivateSwitchBase-input-232"
                      data-indeterminate="false"
                      type="checkbox"
                      value=""
                    />
                    <svg
                      aria-hidden="true"
                      class="MuiSvgIcon-root-199"
                      focusable="false"
                      viewBox="0 0 24 24"
                    >
                      <path
                        d="M19 5v14H5V5h14m0-2H5c-1.1 0-2 .9-2 2v14c0 1.1.9 2 2 2h14c1.1 0 2-.9 2-2V5c0-1.1-.9-2-2-2z"
                      />
                    </svg>
                  </span>
                  <span
                    class="MuiTouchRipple-root-383"
                  />
                </span>
                <span
                  class="MuiTypography-root-157 MuiFormControlLabel-label-222 MuiTypography-body1-159"
                >
                  <p
                    class="MuiTypography-root-157 MuiTypography-body2-158"
                  >
                    Hide dust
                  </p>
                </span>
              </label>
            </div>
            <div
              class="MuiGrid-root-54 MuiGrid-item-56"
            >
              <label
                class="MuiFormControlLabel-root-217 makeStyles-label-233"
              >
                <span
                  aria-disabled="false"
                  class="MuiButtonBase-root-196 MuiIconButton-root-187 PrivateSwitchBase-root-229 MuiCheckbox-root-223 MuiCheckbox-colorPrimary-227 MuiIconButton-colorPrimary-191"
                >
                  <span
                    class="MuiIconButton-label-195"
                  >
                    <input
                      class="PrivateSwitchBase-input-232"
                      data-indeterminate="false"
                      type="checkbox"
                      value=""
                    />
                    <svg
                      aria-hidden="true"
                      class="MuiSvgIcon-root-199"
                      focusable="false"
                      viewBox="0 0 24 24"
                    >
                      <path
                        d="M19 5v14H5V5h14m0-2H5c-1.1 0-2 .9-2 2v14c0 1.1.9 2 2 2h14c1.1 0 2-.9 2-2V5c0-1.1-.9-2-2-2z"
                      />
                    </svg>
                  </span>
                  <span
                    class="MuiTouchRipple-root-383"
                  />
                </span>
                <span
                  class="MuiTypography-root-157 MuiFormControlLabel-label-222 MuiTypography-body1-159"
                >
                  <p
                    class="MuiTypography-root-157 MuiTypography-body2-158"
                  >
                    ðŸš€ Boosted Vaults
                  </p>
                </span>
              </label>
            </div>
          </div>
          <hr
            class="MuiDivider-root-210 makeStyles-divider-5"
          />
          <div
            class="MuiGrid-root-54 MuiGrid-container-55 MuiGrid-direction-xs-column-58"
          >
            <div
              class="MuiGrid-root-54 makeStyles-select-4 MuiGrid-item-56"
            >
              <div
                class="MuiFormControl-root-237 MuiTextField-root-236 makeStyles-formControl-234"
              >
                <label
                  class="MuiFormLabel-root-253 MuiInputLabel-root-241 MuiInputLabel-formControl-247 MuiInputLabel-animated-250 MuiInputLabel-marginDense-248 MuiInputLabel-outlined-252"
                  data-shrink="false"
                  for="status-selector-id"
                  id="status-selector-id-label"
                >
                  Status
                </label>
                <div
                  class="MuiInputBase-root-287 MuiOutlinedInput-root-272 MuiInputBase-formControl-288 MuiInputBase-marginDense-294 MuiOutlinedInput-marginDense-279"
                >
                  <div
                    aria-haspopup="listbox"
                    aria-labelledby="status-selector-id-label status-selector-id"
                    class="MuiSelect-root-261 MuiSelect-select-262 MuiSelect-selectMenu-265 MuiSelect-outlined-264 MuiInputBase-input-298 MuiOutlinedInput-input-282 MuiInputBase-inputMarginDense-299 MuiOutlinedInput-inputMarginDense-283"
                    id="status-selector-id"
                    role="button"
                    tabindex="0"
                  >
                    <span>
                      â€‹
                    </span>
                  </div>
                  <input
                    aria-hidden="true"
                    class="MuiSelect-nativeInput-271"
                    data-testid="status-selector-input"
                    name="Status"
                    tabindex="-1"
                    value=""
                  />
                  <svg
                    aria-hidden="true"
                    class="MuiSvgIcon-root-199 MuiSelect-icon-267 MuiSelect-iconOutlined-270"
                    focusable="false"
                    viewBox="0 0 24 24"
                  >
                    <path
                      d="M7 10l5 5 5-5z"
                    />
                  </svg>
                  <fieldset
                    aria-hidden="true"
                    class="PrivateNotchedOutline-root-309 MuiOutlinedInput-notchedOutline-281"
                  >
                    <legend
                      class="PrivateNotchedOutline-legendLabelled-311"
                    >
                      <span>
                        Status
                      </span>
                    </legend>
                  </fieldset>
                </div>
              </div>
            </div>
            <div
              class="MuiGrid-root-54 makeStyles-select-4 MuiGrid-item-56"
            >
              <div
                class="MuiFormControl-root-237 MuiTextField-root-236 makeStyles-formControl-313"
              >
                <label
                  class="MuiFormLabel-root-253 MuiInputLabel-root-241 MuiInputLabel-formControl-247 MuiInputLabel-animated-250 MuiInputLabel-marginDense-248 MuiInputLabel-outlined-252"
                  data-shrink="false"
                  for="platform-selector-id"
                  id="platform-selector-id-label"
                >
                  Platform
                </label>
                <div
                  class="MuiInputBase-root-287 MuiOutlinedInput-root-272 MuiInputBase-formControl-288 MuiInputBase-marginDense-294 MuiOutlinedInput-marginDense-279"
                >
                  <div
                    aria-haspopup="listbox"
                    aria-labelledby="platform-selector-id-label platform-selector-id"
                    class="MuiSelect-root-261 MuiSelect-select-262 MuiSelect-selectMenu-265 MuiSelect-outlined-264 MuiInputBase-input-298 MuiOutlinedInput-input-282 MuiInputBase-inputMarginDense-299 MuiOutlinedInput-inputMarginDense-283"
                    id="platform-selector-id"
                    role="button"
                    tabindex="0"
                  >
                    <span>
                      â€‹
                    </span>
                  </div>
                  <input
                    aria-hidden="true"
                    class="MuiSelect-nativeInput-271"
                    data-testid="platform-selector-input"
                    name="Platform"
                    tabindex="-1"
                    value=""
                  />
                  <svg
                    aria-hidden="true"
                    class="MuiSvgIcon-root-199 MuiSelect-icon-267 MuiSelect-iconOutlined-270"
                    focusable="false"
                    viewBox="0 0 24 24"
                  >
                    <path
                      d="M7 10l5 5 5-5z"
                    />
                  </svg>
                  <fieldset
                    aria-hidden="true"
                    class="PrivateNotchedOutline-root-309 MuiOutlinedInput-notchedOutline-281"
                  >
                    <legend
                      class="PrivateNotchedOutline-legendLabelled-311"
                    >
                      <span>
                        Platform
                      </span>
                    </legend>
                  </fieldset>
                </div>
              </div>
            </div>
            <div
              class="MuiGrid-root-54 makeStyles-select-4 MuiGrid-item-56"
            >
              <div
                class="MuiFormControl-root-237 MuiTextField-root-236 makeStyles-formControl-315"
              >
                <label
                  class="MuiFormLabel-root-253 MuiInputLabel-root-241 MuiInputLabel-formControl-247 MuiInputLabel-animated-250 MuiInputLabel-marginDense-248 MuiInputLabel-outlined-252"
                  data-shrink="false"
                  for="rewards-selector-id"
                  id="rewards-selector-id-label"
                >
                  Rewards
                </label>
                <div
                  class="MuiInputBase-root-287 MuiOutlinedInput-root-272 MuiInputBase-formControl-288 MuiInputBase-marginDense-294 MuiOutlinedInput-marginDense-279"
                >
                  <div
                    aria-haspopup="listbox"
                    aria-labelledby="rewards-selector-id-label rewards-selector-id"
                    class="MuiSelect-root-261 MuiSelect-select-262 MuiSelect-selectMenu-265 MuiSelect-outlined-264 MuiInputBase-input-298 MuiOutlinedInput-input-282 MuiInputBase-inputMarginDense-299 MuiOutlinedInput-inputMarginDense-283"
                    id="rewards-selector-id"
                    role="button"
                    tabindex="0"
                  >
                    <span>
                      â€‹
                    </span>
                  </div>
                  <input
                    aria-hidden="true"
                    class="MuiSelect-nativeInput-271"
                    data-testid="rewards-selector-input"
                    tabindex="-1"
                    value=""
                  />
                  <svg
                    aria-hidden="true"
                    class="MuiSvgIcon-root-199 MuiSelect-icon-267 MuiSelect-iconOutlined-270"
                    focusable="false"
                    viewBox="0 0 24 24"
                  >
                    <path
                      d="M7 10l5 5 5-5z"
                    />
                  </svg>
                  <fieldset
                    aria-hidden="true"
                    class="PrivateNotchedOutline-root-309 MuiOutlinedInput-notchedOutline-281"
                  >
                    <legend
                      class="PrivateNotchedOutline-legendLabelled-311"
                    >
                      <span>
                        Rewards
                      </span>
                    </legend>
                  </fieldset>
                </div>
              </div>
            </div>
            <div
              class="MuiGrid-root-54 MuiGrid-item-56"
            >
              <div
                class="MuiFormControl-root-237 MuiTextField-root-236 makeStyles-root-317"
              >
                <div
                  class="MuiInputBase-root-287 MuiOutlinedInput-root-272 MuiInputBase-formControl-288 MuiInputBase-adornedEnd-292 MuiOutlinedInput-adornedEnd-277 MuiInputBase-marginDense-294 MuiOutlinedInput-marginDense-279"
                >
                  <input
                    aria-invalid="false"
                    aria-label="Vault Search"
                    class="MuiInputBase-input-298 MuiOutlinedInput-input-282 MuiInputBase-inputAdornedEnd-303 MuiOutlinedInput-inputAdornedEnd-286 MuiInputBase-inputMarginDense-299 MuiOutlinedInput-inputMarginDense-283"
                    placeholder="Search by vault name, token, rewards..."
                    type="text"
                    value=""
                  />
                  <div
                    class="MuiInputAdornment-root-319 MuiInputAdornment-positionEnd-322 MuiInputAdornment-marginDense-325"
                  >
                    <button
                      aria-label="search"
                      class="MuiButtonBase-root-196 MuiIconButton-root-187 makeStyles-icon-318 MuiIconButton-sizeSmall-194"
                      tabindex="0"
                      type="button"
                    >
                      <span
                        class="MuiIconButton-label-195"
                      >
                        <svg
                          aria-hidden="true"
                          class="MuiSvgIcon-root-199"
                          focusable="false"
                          viewBox="0 0 24 24"
                        >
                          <path
                            d="M15.5 14h-.79l-.28-.27C15.41 12.59 16 11.11 16 9.5 16 5.91 13.09 3 9.5 3S3 5.91 3 9.5 5.91 16 9.5 16c1.61 0 3.09-.59 4.23-1.57l.27.28v.79l5 4.99L20.49 19l-4.99-5zm-6 0C7.01 14 5 11.99 5 9.5S7.01 5 9.5 5 14 7.01 14 9.5 11.99 14 9.5 14z"
                          />
                        </svg>
                      </span>
                      <span
                        class="MuiTouchRipple-root-383"
                      />
                    </button>
                  </div>
                  <fieldset
                    aria-hidden="true"
                    class="PrivateNotchedOutline-root-309 MuiOutlinedInput-notchedOutline-281"
                    style="padding-left: 8px;"
                  >
                    <legend
                      class="PrivateNotchedOutline-legend-310"
                      style="width: 0.01px;"
                    >
                      <span>
                        â€‹
                      </span>
                    </legend>
                  </fieldset>
                </div>
              </div>
            </div>
          </div>
          <hr
            class="MuiDivider-root-210 makeStyles-divider-5"
          />
          <div
            class="MuiGrid-root-54 MuiGrid-container-55"
          >
            <div
              class="MuiGrid-root-54 makeStyles-apr-7 MuiGrid-item-56"
            >
              <div
                aria-label="apy apr selector"
                class="MuiButtonGroup-root-328"
                role="group"
              >
                <button
                  aria-selected="true"
                  class="MuiButtonBase-root-196 MuiButton-root-352 MuiButton-outlined-357 MuiButtonGroup-grouped-334 MuiButtonGroup-groupedHorizontal-335 MuiButtonGroup-groupedOutlined-342 MuiButtonGroup-groupedOutlinedHorizontal-343 MuiButtonGroup-groupedOutlined-342 makeStyles-selected-326 makeStyles-button-327"
                  tabindex="0"
                  type="button"
                >
                  <span
                    class="MuiButton-label-353"
                  >
                    APY
                  </span>
                  <span
                    class="MuiTouchRipple-root-383"
                  />
                </button>
                <button
                  aria-selected="false"
                  class="MuiButtonBase-root-196 MuiButton-root-352 MuiButton-outlined-357 MuiButtonGroup-grouped-334 MuiButtonGroup-groupedHorizontal-335 MuiButtonGroup-groupedOutlined-342 MuiButtonGroup-groupedOutlinedHorizontal-343 MuiButtonGroup-groupedOutlined-342 makeStyles-button-327"
                  tabindex="0"
                  type="button"
                >
                  <span
                    class="MuiButton-label-353"
                  >
                    APR
                  </span>
                  <span
                    class="MuiTouchRipple-root-383"
                  />
                </button>
              </div>
            </div>
            <div
              class="MuiGrid-root-54 MuiGrid-item-56"
            >
              <div
                aria-label="currency selector"
                class="MuiButtonGroup-root-328"
                role="group"
              >
                <button
                  aria-selected="true"
                  class="MuiButtonBase-root-196 MuiButton-root-352 MuiButton-outlined-357 MuiButtonGroup-grouped-334 MuiButtonGroup-groupedHorizontal-335 MuiButtonGroup-groupedOutlined-342 MuiButtonGroup-groupedOutlinedHorizontal-343 MuiButtonGroup-groupedOutlined-342 makeStyles-selected-381 makeStyles-button-382"
                  tabindex="0"
                  type="button"
                >
                  <span
                    class="MuiButton-label-353"
                  >
                    USD
                  </span>
                  <span
                    class="MuiTouchRipple-root-383"
                  />
                </button>
                <button
                  aria-selected="false"
                  class="MuiButtonBase-root-196 MuiButton-root-352 MuiButton-outlined-357 MuiButtonGroup-grouped-334 MuiButtonGroup-groupedHorizontal-335 MuiButtonGroup-groupedOutlined-342 MuiButtonGroup-groupedOutlinedHorizontal-343 MuiButtonGroup-groupedOutlined-342 makeStyles-button-382"
                  tabindex="0"
                  type="button"
                >
                  <span
                    class="MuiButton-label-353"
                  >
                    BTC
                  </span>
                  <span
                    class="MuiTouchRipple-root-383"
                  />
                </button>
              </div>
            </div>
          </div>
          <hr
            class="MuiDivider-root-210 makeStyles-divider-5"
          />
          <div
            class="MuiGrid-root-54 MuiGrid-container-55 MuiGrid-spacing-xs-2-78 MuiGrid-justify-content-xs-flex-end-73"
          >
            <div
              class="MuiGrid-root-54 MuiGrid-item-56"
            >
              <button
                class="MuiButtonBase-root-196 MuiButton-root-352 MuiButton-text-354 MuiButton-textPrimary-355"
                tabindex="0"
                type="button"
              >
                <span
                  class="MuiButton-label-353"
                >
                  Clear All
                </span>
                <span
                  class="MuiTouchRipple-root-383"
                />
              </button>
            </div>
            <div
              class="MuiGrid-root-54 MuiGrid-item-56"
            >
              <button
                class="MuiButtonBase-root-196 MuiButton-root-352 MuiButton-contained-360 MuiButton-containedPrimary-361"
                tabindex="0"
                type="button"
              >
                <span
                  class="MuiButton-label-353"
                >
                  Apply Filters
                </span>
                <span
                  class="MuiTouchRipple-root-383"
                />
              </button>
            </div>
          </div>
        </div>
      </div>
    </div>
    <div
      data-test="sentinelEnd"
      tabindex="0"
    />
  </div>
</body>
`;
