// Jest Snapshot v1, https://goo.gl/fbAQLP

exports[`Dropt Modal Item renders correctly 1`] = `
<div>
  <div
    class="MuiGrid-root-7 MuiGrid-container-8 MuiGrid-align-items-xs-center-16"
  >
    <div
      class="MuiGrid-root-7 MuiGrid-item-9 MuiGrid-grid-xs-8-49"
    >
      <div
        class="MuiGrid-root-7 makeStyles-droptItem-2 MuiGrid-container-8 MuiGrid-direction-xs-column-11 MuiGrid-align-items-xs-flex-start-17"
      >
        <h6
          class="MuiTypography-root-110 MuiTypography-subtitle2-122 MuiTypography-colorTextSecondary-136"
        >
          DROPT-2
        </h6>
        <p
          class="MuiTypography-root-110 makeStyles-negativeTopMargin-4 MuiTypography-body1-112"
        >
          0.001
        </p>
        <span
          class="MuiTypography-root-110 makeStyles-negativeTopMargin-4 MuiTypography-caption-113 MuiTypography-colorTextSecondary-136"
        >
          (
          0.001
           bDIGG)
        </span>
      </div>
    </div>
    <div
      class="MuiGrid-root-7 MuiGrid-item-9 MuiGrid-grid-xs-4-45"
    >
      <button
        class="MuiButtonBase-root-169 MuiButton-root-140 MuiButton-contained-148 MuiButton-containedPrimary-149 MuiButton-containedSizeSmall-159 MuiButton-sizeSmall-161"
        tabindex="0"
        type="button"
      >
        <span
          class="MuiButton-label-141"
        >
          Redeem
        </span>
        <span
          class="MuiTouchRipple-root-172"
        />
      </button>
    </div>
  </div>
</div>
`;
