// Jest Snapshot v1, https://goo.gl/fbAQLP

exports[`Renders correctly 1`] = `
<div>
  <div
    class="makeStyles-headerContainer-2"
  >
    <div
      class="makeStyles-headerContent-3"
    >
      <h6
        class="MuiTypography-root-4 MuiTypography-h6-14 MuiTypography-colorTextPrimary-29"
      >
        Test title
      </h6>
      <p
        class="MuiTypography-root-4 MuiTypography-body2-5 MuiTypography-colorTextSecondary-30"
      >
        Test subtitle
      </p>
    </div>
  </div>
</div>
`;
