// Jest Snapshot v1, https://goo.gl/fbAQLP

exports[`SamplePicker Opens period menu upon click 1`] = `
<div
  class="MuiPopover-root-68"
  id="menu-"
  role="presentation"
  style="position: fixed; z-index: 1300; right: 0px; bottom: 0px; top: 0px; left: 0px;"
>
  <div
    aria-hidden="true"
    style="z-index: -1; position: fixed; right: 0px; bottom: 0px; top: 0px; left: 0px; background-color: transparent;"
  />
  <div
    data-test="sentinelStart"
    tabindex="0"
  />
  <div
    class="MuiPaper-root-74 MuiMenu-paper-66 MuiPopover-paper-69 MuiPaper-elevation8-85 MuiPaper-rounded-75"
    style="opacity: 1; transform: none; min-width: 0; transition: opacity 0ms cubic-bezier(0.4, 0, 0.2, 1) 0ms,transform 0ms cubic-bezier(0.4, 0, 0.2, 1) 0ms; top: 16px; left: 16px; transform-origin: -16px -16px;"
    tabindex="-1"
  >
    <ul
      class="MuiList-root-102 MuiMenu-list-67 MuiList-padding-103"
      role="listbox"
      tabindex="-1"
    >
      <li
        aria-disabled="false"
        class="MuiButtonBase-root-121 MuiListItem-root-110 MuiMenuItem-root-106 MuiMenuItem-gutters-107 MuiListItem-gutters-117 MuiListItem-button-118"
        data-value="month"
        role="option"
        tabindex="-1"
      >
        MONTH
        <span
          class="MuiTouchRipple-root-124"
        />
      </li>
      <li
        aria-disabled="false"
        aria-selected="true"
        class="MuiButtonBase-root-121 MuiListItem-root-110 MuiMenuItem-root-106 MuiMenuItem-selected-108 MuiMenuItem-gutters-107 MuiListItem-gutters-117 MuiListItem-button-118 MuiListItem-selected-120"
        data-value="year"
        role="option"
        tabindex="0"
      >
        YEAR
        <span
          class="MuiTouchRipple-root-124"
        />
      </li>
    </ul>
  </div>
  <div
    data-test="sentinelEnd"
    tabindex="0"
  />
</div>
`;

exports[`SamplePicker Renders correctly 1`] = `
<div>
  <div
    class="MuiInputBase-root-39 MuiOutlinedInput-root-24 makeStyles-samplePicker-1"
    title="ROI combines the appreciation of the vault with its $BADGER or $DIGG emissions. All numbers are an approximation based on historical data."
  >
    <div
      aria-haspopup="listbox"
      class="MuiSelect-root-13 MuiSelect-select-14 MuiSelect-selectMenu-17 MuiSelect-outlined-16 MuiInputBase-input-50 MuiOutlinedInput-input-34"
      role="button"
      tabindex="0"
    >
      YEAR
    </div>
    <input
      aria-hidden="true"
      class="MuiSelect-nativeInput-23"
      tabindex="-1"
      value="year"
    />
    <svg
      aria-hidden="true"
      class="MuiSvgIcon-root-57 MuiSelect-icon-19 MuiSelect-iconOutlined-22"
      focusable="false"
      viewBox="0 0 24 24"
    >
      <path
        d="M7 10l5 5 5-5z"
      />
    </svg>
    <fieldset
      aria-hidden="true"
      class="PrivateNotchedOutline-root-70 MuiOutlinedInput-notchedOutline-33"
      style="padding-left: 8px;"
    >
      <legend
        class="PrivateNotchedOutline-legend-71"
        style="width: 0.01px;"
      >
        <span>
          â€‹
        </span>
      </legend>
    </fieldset>
  </div>
</div>
`;
