// Jest Snapshot v1, https://goo.gl/fbAQLP

exports[`Vault Withdraw displays sett information 1`] = `
<body
  style="padding-right: 0px; overflow: hidden;"
>
  <div
    aria-hidden="true"
  />
  <div
    class="MuiDialog-root-14"
    role="presentation"
    style="position: fixed; z-index: 1300; right: 0px; bottom: 0px; top: 0px; left: 0px;"
  >
    <div
      aria-hidden="true"
      class="MuiBackdrop-root-29"
      style="opacity: 1; webkit-transition: opacity 225ms cubic-bezier(0.4, 0, 0.2, 1) 0ms; transition: opacity 225ms cubic-bezier(0.4, 0, 0.2, 1) 0ms;"
    />
    <div
      data-test="sentinelStart"
      tabindex="0"
    />
    <div
      class="MuiDialog-container-17 MuiDialog-scrollPaper-15"
      role="none presentation"
      style="opacity: 1; webkit-transition: opacity 225ms cubic-bezier(0.4, 0, 0.2, 1) 0ms; transition: opacity 225ms cubic-bezier(0.4, 0, 0.2, 1) 0ms;"
      tabindex="-1"
    >
      <div
        class="MuiPaper-root-31 MuiDialog-paper-18 MuiDialog-paperScrollPaper-19 MuiDialog-paperWidthXl-26 MuiDialog-paperFullWidth-27 MuiPaper-elevation24-58 MuiPaper-rounded-32"
        role="dialog"
      >
        <div
          class="MuiDialogTitle-root-63 makeStyles-root-59"
        >
          <h2
            class="MuiTypography-root-64 MuiTypography-h6-74"
          >
            <div
              class="MuiGrid-root-94 MuiGrid-container-95 MuiGrid-align-items-xs-center-103"
            >
              <div
                class="MuiGrid-root-94 MuiGrid-item-96 MuiGrid-grid-xs-6-134"
              >
                <p
                  class="MuiTypography-root-64 makeStyles-mode-60 MuiTypography-body1-66 MuiTypography-colorTextSecondary-90"
                >
                  Withdraw
                </p>
              </div>
              <div
                class="MuiGrid-root-94 MuiGrid-item-96 MuiGrid-grid-xs-6-134"
              >
                <div
                  class="MuiBox-root-197 MuiBox-root-198"
                >
                  <svg
                    aria-hidden="true"
                    class="MuiSvgIcon-root-199 makeStyles-closeIcon-62"
                    focusable="false"
                    viewBox="0 0 24 24"
                  >
                    <path
                      d="M19 6.41L17.59 5 12 10.59 6.41 5 5 6.41 10.59 12 5 17.59 6.41 19 12 13.41 17.59 19 19 17.59 13.41 12z"
                    />
                  </svg>
                </div>
              </div>
            </div>
          </h2>
        </div>
        <div
          class="MuiDialogContent-root-209 makeStyles-content-1"
        >
          <div
            class="MuiBox-root-197 MuiBox-root-211 makeStyles-tokenBox-7"
          >
            <p
              class="MuiTypography-root-64 token-label MuiTypography-body1-66"
            >
              From
            </p>
            <div
              class="MuiGrid-root-94 MuiGrid-container-95"
            >
              <div
                class="MuiGrid-root-94 MuiGrid-item-96 MuiGrid-grid-xs-12-140 MuiGrid-grid-sm-7-149"
              >
                <div
                  class="MuiBox-root-197 MuiBox-root-212 token-logo-name"
                >
                  <div
                    class="makeStyles-root-213"
                  >
                    <img
                      alt="BBTC logo"
                      class="makeStyles-position-214"
                      height="32"
                      src="/assets/icons/bbtc.svg"
                      width="32"
                    />
                    <img
                      alt="crvRenWSBTC logo"
                      class="makeStyles-position-215"
                      height="32"
                      src="/assets/icons/crvrenwsbtc.svg"
                      width="32"
                    />
                  </div>
                  <p
                    class="MuiTypography-root-64 token-name MuiTypography-body1-66"
                  >
                    bBTC
                  </p>
                </div>
              </div>
              <div
                class="MuiGrid-root-94 MuiGrid-item-96 MuiGrid-grid-xs-12-140 MuiGrid-grid-sm-5-147"
              >
                <div
                  class="MuiFormControl-root-217 MuiTextField-root-216 makeStyles-amountTextField-8  MuiFormControl-fullWidth-220"
                >
                  <div
                    class="MuiInputBase-root-236 MuiOutlinedInput-root-221 MuiInputBase-fullWidth-246 MuiInputBase-formControl-237"
                  >
                    <input
                      aria-invalid="false"
                      autocomplete="off"
                      class="MuiInputBase-input-247 MuiOutlinedInput-input-231"
                      inputmode="decimal"
                      maxlength="79"
                      minlength="1"
                      pattern="^[0-9]*[.,]?[0-9]*$"
                      placeholder="Type an amount to withdraw"
                      spellcheck="false"
                      style="text-align: right;"
                      type="text"
                      value="0"
                    />
                    <fieldset
                      aria-hidden="true"
                      class="PrivateNotchedOutline-root-254 MuiOutlinedInput-notchedOutline-230"
                      style="padding-left: 8px;"
                    >
                      <legend
                        class="PrivateNotchedOutline-legend-255"
                        style="width: 0.01px;"
                      >
                        <span>
                          â€‹
                        </span>
                      </legend>
                    </fieldset>
                  </div>
                </div>
                <div
                  class="MuiBox-root-197 MuiBox-root-258 makeStyles-amountDollarValue-10"
                >
                  <p
                    class="MuiTypography-root-64 MuiTypography-body1-66"
                  >
                    ~$
                    0.00
                  </p>
                </div>
              </div>
            </div>
            <div
              class="MuiGrid-root-94 token-balance-percentage MuiGrid-container-95 MuiGrid-align-items-xs-center-103"
            >
              <div
                class="MuiGrid-root-94 MuiGrid-item-96 MuiGrid-grid-xs-12-140 MuiGrid-grid-sm-6-148"
              >
                <p
                  class="MuiTypography-root-64 token-balance MuiTypography-body1-66 MuiTypography-colorTextSecondary-90"
                >
                  1  = 1.0029495320330464 
                </p>
              </div>
              <div
                class="MuiGrid-root-94 WithStyles(ForwardRef(Grid))-root-259 WithStyles(ForwardRef(Grid))-root-260 MuiGrid-item-96 MuiGrid-grid-xs-12-140 MuiGrid-grid-sm-6-148"
              >
                <div
                  class="MuiButtonGroup-root-262"
                  role="group"
                >
                  <button
                    aria-label="25%"
                    class="MuiButtonBase-root-315 MuiButton-root-286 MuiButton-outlined-291 MuiButtonGroup-grouped-268 MuiButtonGroup-groupedHorizontal-269 MuiButtonGroup-groupedOutlined-276 MuiButtonGroup-groupedOutlinedHorizontal-277 MuiButtonGroup-groupedOutlined-276 makeStyles-button-261 MuiButton-outlinedSizeSmall-303 MuiButton-sizeSmall-307"
                    tabindex="0"
                    type="button"
                  >
                    <span
                      class="MuiButton-label-287"
                    >
                      25
                      %
                    </span>
                    <span
                      class="MuiTouchRipple-root-328"
                    />
                  </button>
                  <button
                    aria-label="50%"
                    class="MuiButtonBase-root-315 MuiButton-root-286 MuiButton-outlined-291 MuiButtonGroup-grouped-268 MuiButtonGroup-groupedHorizontal-269 MuiButtonGroup-groupedOutlined-276 MuiButtonGroup-groupedOutlinedHorizontal-277 MuiButtonGroup-groupedOutlined-276 makeStyles-button-261 MuiButton-outlinedSizeSmall-303 MuiButton-sizeSmall-307"
                    tabindex="0"
                    type="button"
                  >
                    <span
                      class="MuiButton-label-287"
                    >
                      50
                      %
                    </span>
                    <span
                      class="MuiTouchRipple-root-328"
                    />
                  </button>
                  <button
                    aria-label="75%"
                    class="MuiButtonBase-root-315 MuiButton-root-286 MuiButton-outlined-291 MuiButtonGroup-grouped-268 MuiButtonGroup-groupedHorizontal-269 MuiButtonGroup-groupedOutlined-276 MuiButtonGroup-groupedOutlinedHorizontal-277 MuiButtonGroup-groupedOutlined-276 makeStyles-button-261 MuiButton-outlinedSizeSmall-303 MuiButton-sizeSmall-307"
                    tabindex="0"
                    type="button"
                  >
                    <span
                      class="MuiButton-label-287"
                    >
                      75
                      %
                    </span>
                    <span
                      class="MuiTouchRipple-root-328"
                    />
                  </button>
                  <button
                    aria-label="100%"
                    class="MuiButtonBase-root-315 MuiButton-root-286 MuiButton-outlined-291 MuiButtonGroup-grouped-268 MuiButtonGroup-groupedHorizontal-269 MuiButtonGroup-groupedOutlined-276 MuiButtonGroup-groupedOutlinedHorizontal-277 MuiButtonGroup-groupedOutlined-276 makeStyles-button-261 MuiButton-outlinedSizeSmall-303 MuiButton-sizeSmall-307"
                    tabindex="0"
                    type="button"
                  >
                    <span
                      class="MuiButton-label-287"
                    >
                      100
                      %
                    </span>
                    <span
                      class="MuiTouchRipple-root-328"
                    />
                  </button>
                </div>
              </div>
            </div>
          </div>
          <div
            class="MuiBox-root-197 MuiBox-root-318 makeStyles-tokenBox-7"
          >
            <p
              class="MuiTypography-root-64 token-label MuiTypography-body1-66"
            >
              To
            </p>
            <div
              class="MuiGrid-root-94 MuiGrid-container-95"
            >
              <div
                class="MuiGrid-root-94 MuiGrid-item-96 MuiGrid-grid-xs-12-140 MuiGrid-grid-sm-7-149"
              >
                <div
                  class="MuiBox-root-197 MuiBox-root-319 token-logo-name"
                >
                  <div
                    class="makeStyles-root-213"
                  >
                    <img
                      alt="BBTC logo"
                      class="makeStyles-position-320"
                      height="32"
                      src="/assets/icons/bbtc.svg"
                      width="32"
                    />
                    <img
                      alt="crvRenWSBTC logo"
                      class="makeStyles-position-321"
                      height="32"
                      src="/assets/icons/crvrenwsbtc.svg"
                      width="32"
                    />
                  </div>
                  <p
                    class="MuiTypography-root-64 token-name MuiTypography-body1-66"
                  />
                </div>
              </div>
              <div
                class="MuiGrid-root-94 MuiGrid-item-96 MuiGrid-grid-xs-12-140 MuiGrid-grid-sm-5-147"
              >
                <div
                  class="MuiFormControl-root-217 MuiTextField-root-216 makeStyles-amountTextField-8 makeStyles-amountTextFieldHasValue-9 MuiFormControl-fullWidth-220"
                >
                  <div
                    class="MuiInputBase-root-236 MuiOutlinedInput-root-221 MuiInputBase-fullWidth-246 MuiInputBase-formControl-237"
                  >
                    <input
                      aria-invalid="false"
                      autocomplete="off"
                      class="MuiInputBase-input-247 MuiOutlinedInput-input-231"
                      inputmode="decimal"
                      maxlength="79"
                      minlength="1"
                      pattern="^[0-9]*[.,]?[0-9]*$"
                      spellcheck="false"
                      style="text-align: right;"
                      type="text"
                      value="0.000000"
                    />
                    <fieldset
                      aria-hidden="true"
                      class="PrivateNotchedOutline-root-254 MuiOutlinedInput-notchedOutline-230"
                      style="padding-left: 8px;"
                    >
                      <legend
                        class="PrivateNotchedOutline-legend-255"
                        style="width: 0.01px;"
                      >
                        <span>
                          â€‹
                        </span>
                      </legend>
                    </fieldset>
                  </div>
                </div>
                <div
                  class="MuiBox-root-197 MuiBox-root-322 makeStyles-amountDollarValue-10"
                >
                  <p
                    class="MuiTypography-root-64 MuiTypography-body1-66"
                  >
                    ~$
                    0.00
                  </p>
                </div>
              </div>
            </div>
          </div>
          <div
            class="MuiGrid-root-94 makeStyles-fees-2 MuiGrid-container-95"
          >
            <div
              class="MuiGrid-root-94 MuiGrid-container-95"
            >
              <div
                class="MuiGrid-root-94 MuiGrid-container-95 MuiGrid-justify-content-xs-space-between-114"
              >
                <p
                  class="MuiTypography-root-64 makeStyles-specName-323 MuiTypography-body1-66 MuiTypography-colorTextSecondary-90 MuiTypography-displayInline-92"
                >
                  Withdraw Fee (0%)
                </p>
                <h6
                  class="MuiTypography-root-64 MuiTypography-subtitle2-76 MuiTypography-displayInline-92"
                >
                  0.000000 
                </h6>
              </div>
              <div
                class="MuiGrid-root-94 makeStyles-feeRow-325 MuiGrid-container-95 MuiGrid-justify-content-xs-space-between-114"
              >
                <p
                  class="MuiTypography-root-64 makeStyles-specName-323 MuiTypography-body1-66 MuiTypography-colorTextSecondary-90 MuiTypography-displayInline-92"
                >
                  Total Withdrawal
                </p>
                <h6
                  class="MuiTypography-root-64 MuiTypography-subtitle2-76 MuiTypography-displayInline-92"
                >
                  0.000000 
                </h6>
              </div>
            </div>
          </div>
          <button
            aria-label="Withdraw"
            class="MuiButtonBase-root-315 MuiButton-root-286 MuiButton-contained-294 WithStyles(ForwardRef(Button))-root-326 WithStyles(ForwardRef(Button))-root-327 MuiButton-containedPrimary-295 MuiButton-containedSizeLarge-306 MuiButton-sizeLarge-308 MuiButton-disabled-299 MuiButton-fullWidth-309 MuiButtonBase-disabled-316"
            disabled=""
            tabindex="-1"
            type="button"
          >
            <span
              class="MuiButton-label-287"
            >
              Withdraw bBTC/sbtcCRV
            </span>
          </button>
        </div>
      </div>
    </div>
    <div
      data-test="sentinelEnd"
      tabindex="0"
    />
  </div>
</body>
`;
