// Jest Snapshot v1, https://goo.gl/fbAQLP

exports[`Wallet Drawer displays correctly 1`] = `
<body
  style="padding-right: 0px; overflow: hidden;"
>
   
   
  
  
  <div
    aria-hidden="true"
  />
  <div
    class="MuiDrawer-root-15 MuiDrawer-modal-26"
    role="presentation"
    style="position: fixed; z-index: 1300; right: 0px; bottom: 0px; top: 0px; left: 0px;"
  >
    <div
      aria-hidden="true"
      class="MuiBackdrop-root-27"
      style="opacity: 1; webkit-transition: opacity 225ms cubic-bezier(0.4, 0, 0.2, 1) 0ms; transition: opacity 225ms cubic-bezier(0.4, 0, 0.2, 1) 0ms;"
    />
    <div
      data-test="sentinelStart"
      tabindex="0"
    />
    <div
      class="MuiPaper-root-29 MuiDrawer-paper-17 MuiDrawer-paperAnchorRight-19 MuiPaper-elevation16-48"
      tabindex="-1"
    >
      <div
        class="MuiGrid-root-57 makeStyles-root-1 MuiGrid-container-58 MuiGrid-direction-xs-column-61 MuiGrid-justify-content-xs-space-between-77"
      >
        <div
          class="MuiGrid-root-57 MuiGrid-item-59"
        >
          <div
            class="MuiGrid-root-57 makeStyles-titleRow-6 MuiGrid-container-58 MuiGrid-item-59 MuiGrid-align-items-xs-center-66 MuiGrid-justify-content-xs-space-between-77"
          >
            <h6
              class="MuiTypography-root-160 makeStyles-title-2 MuiTypography-h6-170 MuiTypography-displayInline-188"
            >
              Wallet
            </h6>
            <button
              class="MuiButtonBase-root-199 MuiIconButton-root-190 makeStyles-closeButton-11"
              tabindex="0"
              type="button"
            >
              <span
                class="MuiIconButton-label-198"
              >
                <svg
                  aria-hidden="true"
                  class="MuiSvgIcon-root-202"
                  focusable="false"
                  viewBox="0 0 24 24"
                >
                  <path
                    d="M19 6.41L17.59 5 12 10.59 6.41 5 5 6.41 10.59 12 5 17.59 6.41 19 12 13.41 17.59 19 19 17.59 13.41 12z"
                  />
                </svg>
              </span>
              <span
                class="MuiTouchRipple-root-266"
              />
            </button>
          </div>
          <div
            class="MuiGrid-root-57 makeStyles-addressRow-7 MuiGrid-container-58 MuiGrid-item-59 MuiGrid-align-items-xs-center-66"
          >
            <h6
              class="MuiTypography-root-160 makeStyles-address-14 MuiTypography-subtitle2-172 MuiTypography-colorTextSecondary-186 MuiTypography-displayInline-188"
            >
              0x1..a1a
            </h6>
            <button
              aria-label="copy wallet address"
              class="MuiButtonBase-root-199 MuiIconButton-root-190 makeStyles-copyWalletButton-12"
              tabindex="0"
              type="button"
            >
              <span
                class="MuiIconButton-label-198"
              >
                <img
                  alt="copy wallet address icon"
                  src="/assets/icons/copy-wallet-address.svg"
                />
              </span>
              <span
                class="MuiTouchRipple-root-266"
              />
            </button>
          </div>
          <div
            class="MuiGrid-root-57 MuiGrid-item-59"
          >
            <h6
              class="MuiTypography-root-160 makeStyles-balanceText-3 MuiTypography-subtitle2-172 MuiTypography-colorTextSecondary-186"
            >
              Balance:
            </h6>
            <div
              class="MuiBox-root-213 MuiBox-root-214"
            >
              <p
                class="MuiTypography-root-160 makeStyles-balance-4 MuiTypography-body1-162"
              />
            </div>
          </div>
          <div
            class="MuiGrid-root-57 makeStyles-balancesList-8 MuiGrid-container-58 MuiGrid-item-59"
          >
            <div
              class="MuiGrid-root-57 makeStyles-tokenBalance-220 MuiGrid-container-58"
            >
              <div
                class="MuiGrid-root-57 MuiGrid-container-58 MuiGrid-item-59 MuiGrid-align-items-xs-center-66 MuiGrid-justify-content-xs-space-between-77"
              >
                <div
                  class="makeStyles-tokenNameAndIcon-216"
                >
                  <img
                    alt="Badger logo"
                    class="makeStyles-icon-218"
                    src="/assets/icons/badger.svg"
                  />
                  <p
                    class="MuiTypography-root-160 makeStyles-tokenName-217 MuiTypography-body1-162 MuiTypography-displayInline-188"
                  >
                    Badger
                  </p>
                </div>
                <div
                  class="MuiBox-root-213 MuiBox-root-223"
                >
                  <p
                    class="MuiTypography-root-160 makeStyles-balance-219 MuiTypography-body1-162"
                  >
                    1000.000000
                  </p>
                </div>
              </div>
              <div
                class="MuiGrid-root-57 makeStyles-balanceDisplayValue-222 MuiGrid-container-58 MuiGrid-item-59 MuiGrid-justify-content-xs-flex-end-76"
              >
                <h6
                  class="MuiTypography-root-160 makeStyles-balance-219 MuiTypography-subtitle2-172 MuiTypography-colorTextSecondary-186"
                />
              </div>
            </div>
            <div
              class="MuiGrid-root-57 makeStyles-tokenBalance-220 MuiGrid-container-58"
            >
              <div
                class="MuiGrid-root-57 MuiGrid-container-58 MuiGrid-item-59 MuiGrid-align-items-xs-center-66 MuiGrid-justify-content-xs-space-between-77"
              >
                <div
                  class="makeStyles-tokenNameAndIcon-216"
                >
                  <img
                    alt="DIGG logo"
                    class="makeStyles-icon-218"
                    src="/assets/icons/digg.svg"
                  />
                  <p
                    class="MuiTypography-root-160 makeStyles-tokenName-217 MuiTypography-body1-162 MuiTypography-displayInline-188"
                  >
                    DIGG
                  </p>
                </div>
                <div
                  class="MuiBox-root-213 MuiBox-root-224"
                >
                  <p
                    class="MuiTypography-root-160 makeStyles-balance-219 MuiTypography-body1-162"
                  >
                    0.100000
                  </p>
                </div>
              </div>
              <div
                class="MuiGrid-root-57 makeStyles-balanceDisplayValue-222 MuiGrid-container-58 MuiGrid-item-59 MuiGrid-justify-content-xs-flex-end-76"
              >
                <h6
                  class="MuiTypography-root-160 makeStyles-balance-219 MuiTypography-subtitle2-172 MuiTypography-colorTextSecondary-186"
                />
              </div>
            </div>
            <div
              class="MuiGrid-root-57 makeStyles-tokenBalance-220 MuiGrid-container-58"
            >
              <div
                class="MuiGrid-root-57 MuiGrid-container-58 MuiGrid-item-59 MuiGrid-align-items-xs-center-66 MuiGrid-justify-content-xs-space-between-77"
              >
                <div
                  class="makeStyles-tokenNameAndIcon-216"
                >
                  <img
                    alt="DIGG logo"
                    class="makeStyles-icon-218"
                    src="/assets/icons/digg.svg"
                  />
                  <p
                    class="MuiTypography-root-160 makeStyles-tokenName-217 MuiTypography-body1-162 MuiTypography-displayInline-188"
                  >
                    remDIGG
                  </p>
                </div>
                <div
                  class="MuiBox-root-213 MuiBox-root-225"
                >
                  <p
                    class="MuiTypography-root-160 makeStyles-balance-219 MuiTypography-body1-162"
                  >
                    0.100000
                  </p>
                </div>
              </div>
              <div
                class="MuiGrid-root-57 makeStyles-balanceDisplayValue-222 MuiGrid-container-58 MuiGrid-item-59 MuiGrid-justify-content-xs-flex-end-76"
              >
                <h6
                  class="MuiTypography-root-160 makeStyles-balance-219 MuiTypography-subtitle2-172 MuiTypography-colorTextSecondary-186"
                />
              </div>
            </div>
          </div>
          <div
            class="MuiGrid-root-57 makeStyles-lpLinks-9 MuiGrid-container-58 MuiGrid-item-59"
          >
            <div
              class="MuiGrid-root-57 MuiGrid-container-58 MuiGrid-spacing-xs-2-81 MuiGrid-direction-xs-column-61"
            >
              <div
                class="MuiGrid-root-57 MuiGrid-item-59"
              >
                <p
                  class="MuiTypography-root-160 makeStyles-buyText-228 MuiTypography-body1-162 MuiTypography-colorTextSecondary-186"
                >
                  Buy Badger:
                </p>
                <div
                  class="MuiGrid-root-57 MuiGrid-container-58 MuiGrid-spacing-xs-3-82"
                >
                  <div
                    class="MuiGrid-root-57 MuiGrid-item-59"
                  >
                    <a
                      class="MuiTypography-root-160 MuiLink-root-231 MuiLink-underlineHover-233 makeStyles-link-229 MuiTypography-colorPrimary-183"
                      href="https://curve.fi/factory-crypto/4"
                      rel="noopener noreferrer"
                      target="_blank"
                    >
                      <span
                        class="MuiTypography-root-160 makeStyles-linkText-230"
                      >
                        Curve
                      </span>
                      <img
                        alt="Curve link"
                        src="/assets/icons/link-icon.svg"
                      />
                    </a>
                  </div>
                  <div
                    class="MuiGrid-root-57 MuiGrid-item-59"
                  >
                    <a
                      class="MuiTypography-root-160 MuiLink-root-231 MuiLink-underlineHover-233 makeStyles-link-229 MuiTypography-colorPrimary-183"
                      href="https://app.sushi.com/swap?inputCurrency=0x2260fac5e5542a773aa44fbcfedf7c193bc2c599&outputCurrency=0x3472A5A71965499acd81997a54BBA8D852C6E53d"
                      rel="noopener noreferrer"
                      target="_blank"
                    >
                      <span
                        class="MuiTypography-root-160 makeStyles-linkText-230"
                      >
                        Sushiswap
                      </span>
                      <img
                        alt="Sushiswap link"
                        src="/assets/icons/link-icon.svg"
                      />
                    </a>
                  </div>
                  <div
                    class="MuiGrid-root-57 MuiGrid-item-59"
                  >
                    <a
                      class="MuiTypography-root-160 MuiLink-root-231 MuiLink-underlineHover-233 makeStyles-link-229 MuiTypography-colorPrimary-183"
                      href="https://app.uniswap.org/#/swap?inputCurrency=0x2260FAC5E5542a773Aa44fBCfeDf7C193bc2C599&outputCurrency=0x3472A5A71965499acd81997a54BBA8D852C6E53d"
                      rel="noopener noreferrer"
                      target="_blank"
                    >
                      <span
                        class="MuiTypography-root-160 makeStyles-linkText-230"
                      >
                        Uniswap
                      </span>
                      <img
                        alt="Uniswap link"
                        src="/assets/icons/link-icon.svg"
                      />
                    </a>
                  </div>
                </div>
              </div>
              <div
                class="MuiGrid-root-57 MuiGrid-item-59"
              >
                <p
                  class="MuiTypography-root-160 makeStyles-buyText-228 MuiTypography-body1-162 MuiTypography-colorTextSecondary-186"
                >
                  Buy Digg:
                </p>
                <div
                  class="MuiGrid-root-57 MuiGrid-container-58 MuiGrid-spacing-xs-3-82"
                >
                  <div
                    class="MuiGrid-root-57 MuiGrid-item-59"
                  >
                    <a
                      class="MuiTypography-root-160 MuiLink-root-231 MuiLink-underlineHover-233 makeStyles-link-229 MuiTypography-colorPrimary-183"
                      href="https://app.sushi.com/swap?inputCurrency=0x2260fac5e5542a773aa44fbcfedf7c193bc2c599&outputCurrency=0x3472A5A71965499acd81997a54BBA8D852C6E53d"
                      rel="noopener noreferrer"
                      target="_blank"
                    >
                      <span
                        class="MuiTypography-root-160 makeStyles-linkText-230"
                      >
                        Sushiswap
                      </span>
                      <img
                        alt="Sushiswap link"
                        src="/assets/icons/link-icon.svg"
                      />
                    </a>
                  </div>
                </div>
              </div>
            </div>
          </div>
        </div>
        <div
          class="MuiGrid-root-57 MuiGrid-item-59"
        >
          <button
            aria-label="disconnect wallet"
            class="MuiButtonBase-root-199 MuiButton-root-237 MuiButton-text-239"
            tabindex="0"
            type="button"
          >
            <span
              class="MuiButton-label-238 makeStyles-disconnectWalletText-5"
            >
              <img
                alt="disconnect wallet icon"
                aria-label="disconnect wallet"
                class="makeStyles-disconnectWalletIcon-13"
                src="/assets/icons/disconnect-wallet.svg"
              />
              Disconnect Wallet
            </span>
            <span
              class="MuiTouchRipple-root-266"
            />
          </button>
        </div>
      </div>
    </div>
    <div
      data-test="sentinelEnd"
      tabindex="0"
    />
  </div>
</body>
`;
