// Jest Snapshot v1, https://goo.gl/fbAQLP

exports[`User balances utils extractBalanceRequestResults extract results correctly 1`] = `
Object {
  "userDeprecatedSetts": Array [
    Object {
      "callsReturnContext": Array [
        Object {
          "decoded": true,
          "methodName": "balanceOf",
          "methodParameters": Array [
            "0x00",
          ],
          "reference": "balanceOf",
          "returnValues": Array [
            Object {
              "amounts": "0x00",
            },
          ],
          "success": true,
        },
      ],
      "originalContractCallContext": Object {
        "abi": Array [],
        "calls": Array [
          Object {
            "methodName": "balanceOf",
            "methodParameters": Array [
              "0x00",
            ],
            "reference": "balanceOf",
          },
        ],
        "context": Object {
          "namespace": "deprecated",
        },
        "contractAddress": "0x4e3FBD56CD56c3e72c1403e103b45Db9da5B9D5B",
        "reference": "0x4e3FBD56CD56c3e72c1403e103b45Db9da5B9D5B",
      },
    },
    Object {
      "callsReturnContext": Array [
        Object {
          "decoded": true,
          "methodName": "balanceOf",
          "methodParameters": Array [
            "0x00",
          ],
          "reference": "balanceOf",
          "returnValues": Array [
            Object {
              "amounts": "0x00",
            },
          ],
          "success": true,
        },
      ],
      "originalContractCallContext": Object {
        "abi": Array [],
        "calls": Array [
          Object {
            "methodName": "balanceOf",
            "methodParameters": Array [
              "0x00",
            ],
            "reference": "balanceOf",
          },
        ],
        "context": Object {
          "namespace": "deprecated",
        },
        "contractAddress": "0x4e3FBD56CD56c3e72c1403e103b45Db9da5B9D6B",
        "reference": "0x4e3FBD56CD56c3e72c1403e103b45Db9da5B9D6B",
      },
    },
  ],
  "userGeneralSetts": Array [
    Object {
      "callsReturnContext": Array [
        Object {
          "decoded": true,
          "methodName": "balanceOf",
          "methodParameters": Array [
            "0x00",
          ],
          "reference": "balanceOf",
          "returnValues": Array [
            Object {
              "amounts": "0x00",
            },
          ],
          "success": true,
        },
      ],
      "originalContractCallContext": Object {
        "abi": Array [],
        "calls": Array [
          Object {
            "methodName": "balanceOf",
            "methodParameters": Array [
              "0x00",
            ],
            "reference": "balanceOf",
          },
        ],
        "context": Object {
          "namespace": "sett",
        },
        "contractAddress": "0x4e3FBD56CD56c3e72c1403e103b45Db9da5B9D2B",
        "reference": "0x4e3FBD56CD56c3e72c1403e103b45Db9da5B9D3B",
      },
    },
  ],
  "userGuardedSetts": Array [
    Object {
      "callsReturnContext": Array [
        Object {
          "decoded": true,
          "methodName": "balanceOf",
          "methodParameters": Array [
            "0x00",
          ],
          "reference": "balanceOf",
          "returnValues": Array [
            Object {
              "amounts": "0x00",
            },
          ],
          "success": true,
        },
      ],
      "originalContractCallContext": Object {
        "abi": Array [],
        "calls": Array [
          Object {
            "methodName": "balanceOf",
            "methodParameters": Array [
              "0x00",
            ],
            "reference": "balanceOf",
          },
        ],
        "context": Object {
          "namespace": "guarded",
        },
        "contractAddress": "0x4e3FBD56CD56c3e72c1403e103b45Db9da5B9D4B",
        "reference": "0x4e3FBD56CD56c3e72c1403e103b45Db9da5B9D4B",
      },
    },
  ],
  "userTokens": Array [
    Object {
      "callsReturnContext": Array [
        Object {
          "decoded": true,
          "methodName": "balanceOf",
          "methodParameters": Array [
            "0x00",
          ],
          "reference": "balanceOf",
          "returnValues": Array [
            Object {
              "amounts": "0x00",
            },
          ],
          "success": true,
        },
      ],
      "originalContractCallContext": Object {
        "abi": Array [],
        "calls": Array [
          Object {
            "methodName": "balanceOf",
            "methodParameters": Array [
              "0x00",
            ],
            "reference": "balanceOf",
          },
        ],
        "context": Object {
          "namespace": "token",
        },
        "contractAddress": "0x4e3FBD56CD56c3e72c1403e103b45Db9da5B9D2B",
        "reference": "0x4e3FBD56CD56c3e72c1403e103b45Db9da5B9D2B",
      },
    },
  ],
}
`;
