// Jest Snapshot v1, https://goo.gl/fbAQLP

exports[`Claw - Redeem matches snapshot 1`] = `
<div>
  <div
    class="MuiGrid-root-5 MuiGrid-container-6"
  >
    <div
      class="MuiGrid-root-5 MuiBox-root-108 MuiBox-root-1 MuiGrid-item-7 MuiGrid-grid-xs-12-51"
    >
      <div
        class="MuiGrid-root-5 MuiGrid-container-6"
      >
        <div
          class="MuiGrid-root-5 MuiBox-root-108 MuiBox-root-2 MuiGrid-item-7 MuiGrid-grid-xs-12-51"
        >
          <div
            class="MuiGrid-root-5 MuiGrid-container-6 MuiGrid-spacing-xs-1-28"
          >
            <div
              class="MuiGrid-root-5 MuiGrid-item-7 MuiGrid-grid-xs-12-51 MuiGrid-grid-sm-6-59"
            >
              <p
                class="MuiTypography-root-115 MuiTypography-body2-116 MuiTypography-colorTextSecondary-141"
              >
                Token
              </p>
            </div>
            <div
              class="MuiGrid-root-5 MuiGrid-item-7 MuiGrid-grid-xs-12-51 MuiGrid-grid-sm-6-59"
            >
              <div
                class="MuiGrid-root-5 makeStyles-availableText-113 MuiGrid-container-6 MuiGrid-spacing-xs-1-28"
              >
                <div
                  class="MuiGrid-root-5 MuiGrid-item-7"
                >
                  <p
                    class="MuiTypography-root-115 MuiTypography-body2-116 MuiTypography-colorTextSecondary-141"
                  />
                </div>
                <div
                  class="MuiGrid-root-5 makeStyles-balanceText-114 MuiGrid-item-7"
                >
                  <p
                    class="MuiTypography-root-115 MuiTypography-body2-116 MuiTypography-colorTextPrimary-140"
                  />
                </div>
              </div>
            </div>
          </div>
        </div>
        <div
          class="MuiGrid-root-5 MuiGrid-item-7 MuiGrid-grid-xs-12-51"
        >
          <div
            class="MuiGrid-root-5 makeStyles-border-110 MuiBox-root-108 MuiBox-root-3 MuiGrid-container-6 MuiGrid-align-items-xs-center-14 MuiGrid-align-content-xs-center-18"
          >
            <div
              class="MuiGrid-root-5 MuiGrid-item-7 MuiGrid-grid-xs-12-51 MuiGrid-grid-sm-8-61 MuiGrid-grid-lg-9-90"
            >
              <div
                class="MuiGrid-root-5 makeStyles-selectContainer-111 MuiGrid-container-6 MuiGrid-spacing-xs-2-29 MuiGrid-align-items-xs-center-14"
              >
                <div
                  class="MuiGrid-root-5 MuiGrid-item-7 MuiGrid-grid-xs-12-51 MuiGrid-grid-sm-true-53"
                >
                  <div
                    class="MuiFormControl-root-147 makeStyles-margin-146"
                  >
                    <div
                      class="MuiInputBase-root-162 MuiInputBase-formControl-163"
                    >
                      <div
                        aria-haspopup="listbox"
                        class="MuiSelect-root-151 MuiSelect-select-152 MuiSelect-selectMenu-155 MuiInputBase-input-173"
                        role="button"
                        tabindex="0"
                      >
                        Select Token
                      </div>
                      <input
                        aria-hidden="true"
                        class="MuiSelect-nativeInput-161"
                        placeholder="Select Token"
                        tabindex="-1"
                        value=""
                      />
                      <svg
                        aria-hidden="true"
                        class="MuiSvgIcon-root-180 MuiSelect-icon-157"
                        focusable="false"
                        viewBox="0 0 24 24"
                      >
                        <path
                          d="M7 10l5 5 5-5z"
                        />
                      </svg>
                    </div>
                  </div>
                </div>
                <div
                  class="MuiGrid-root-5 MuiGrid-item-7 MuiGrid-grid-xs-12-51 MuiGrid-grid-sm-true-53"
                >
                  <div
                    class="MuiInputBase-root-162 makeStyles-input-193 MuiInputBase-disabled-165 MuiInputBase-fullWidth-172"
                  >
                    <input
                      class="MuiInputBase-input-173 MuiInputBase-disabled-165"
                      disabled=""
                      pattern="^[0-9]*[.,]?[0-9]*$"
                      placeholder="0.00"
                      type="tel"
                      value=""
                    />
                  </div>
                </div>
              </div>
            </div>
            <div
              class="MuiGrid-root-5 MuiGrid-item-7 MuiGrid-grid-xs-12-51 MuiGrid-grid-sm-4-57 MuiGrid-grid-lg-3-84"
            >
              <div
                class="MuiGrid-root-5 MuiGrid-container-6 MuiGrid-justify-xs-flex-end-24"
              >
                <div
                  aria-label="text button group"
                  class="MuiButtonGroup-root-195"
                  role="group"
                >
                  <button
                    class="MuiButtonBase-root-248 MuiButton-root-219 MuiButton-text-221 MuiButtonGroup-grouped-201 MuiButtonGroup-groupedHorizontal-202 MuiButtonGroup-groupedText-204 MuiButtonGroup-groupedTextHorizontal-205 MuiButtonGroup-groupedText-204 MuiButtonGroup-disabled-198 makeStyles-button-194 MuiButton-textSizeSmall-234 MuiButton-sizeSmall-240 MuiButton-disableElevation-230 MuiButton-disabled-232 MuiButtonBase-disabled-249"
                    disabled=""
                    tabindex="-1"
                    type="button"
                  >
                    <span
                      class="MuiButton-label-220"
                    >
                      25
                      %
                    </span>
                  </button>
                  <button
                    class="MuiButtonBase-root-248 MuiButton-root-219 MuiButton-text-221 MuiButtonGroup-grouped-201 MuiButtonGroup-groupedHorizontal-202 MuiButtonGroup-groupedText-204 MuiButtonGroup-groupedTextHorizontal-205 MuiButtonGroup-groupedText-204 MuiButtonGroup-disabled-198 makeStyles-button-194 MuiButton-textSizeSmall-234 MuiButton-sizeSmall-240 MuiButton-disableElevation-230 MuiButton-disabled-232 MuiButtonBase-disabled-249"
                    disabled=""
                    tabindex="-1"
                    type="button"
                  >
                    <span
                      class="MuiButton-label-220"
                    >
                      50
                      %
                    </span>
                  </button>
                  <button
                    class="MuiButtonBase-root-248 MuiButton-root-219 MuiButton-text-221 MuiButtonGroup-grouped-201 MuiButtonGroup-groupedHorizontal-202 MuiButtonGroup-groupedText-204 MuiButtonGroup-groupedTextHorizontal-205 MuiButtonGroup-groupedText-204 MuiButtonGroup-disabled-198 makeStyles-button-194 MuiButton-textSizeSmall-234 MuiButton-sizeSmall-240 MuiButton-disableElevation-230 MuiButton-disabled-232 MuiButtonBase-disabled-249"
                    disabled=""
                    tabindex="-1"
                    type="button"
                  >
                    <span
                      class="MuiButton-label-220"
                    >
                      75
                      %
                    </span>
                  </button>
                  <button
                    class="MuiButtonBase-root-248 MuiButton-root-219 MuiButton-text-221 MuiButtonGroup-grouped-201 MuiButtonGroup-groupedHorizontal-202 MuiButtonGroup-groupedText-204 MuiButtonGroup-groupedTextHorizontal-205 MuiButtonGroup-groupedText-204 MuiButtonGroup-disabled-198 makeStyles-button-194 MuiButton-textSizeSmall-234 MuiButton-sizeSmall-240 MuiButton-disableElevation-230 MuiButton-disabled-232 MuiButtonBase-disabled-249"
                    disabled=""
                    tabindex="-1"
                    type="button"
                  >
                    <span
                      class="MuiButton-label-220"
                    >
                      100
                      %
                    </span>
                  </button>
                </div>
              </div>
            </div>
          </div>
        </div>
      </div>
    </div>
    <div
      class="MuiGrid-root-5 MuiGrid-item-7 MuiGrid-grid-xs-12-51"
    >
      <div
        class="MuiGrid-root-5 makeStyles-root-251 MuiGrid-container-6"
      >
        <div
          class="MuiGrid-root-5 makeStyles-row-252 MuiGrid-container-6"
        >
          <div
            class="MuiGrid-root-5 makeStyles-detailName-253 MuiGrid-item-7 MuiGrid-grid-xs-6-45"
          >
            <p
              class="MuiTypography-root-115 MuiTypography-body2-116 MuiTypography-colorTextSecondary-141"
            >
              Expiration Date
            </p>
          </div>
          <div
            class="MuiGrid-root-5 makeStyles-placeholder-255 MuiGrid-container-6 MuiGrid-item-7 MuiGrid-grid-xs-6-45"
          >
            <div
              class="MuiGrid-root-5 MuiGrid-item-7 MuiGrid-grid-xs-12-51"
            >
              <p
                class="MuiTypography-root-115 MuiTypography-body2-116 MuiTypography-colorTextPrimary-140"
              >
                -
              </p>
            </div>
          </div>
        </div>
        <div
          class="MuiGrid-root-5 makeStyles-row-252 MuiGrid-container-6"
        >
          <div
            class="MuiGrid-root-5 makeStyles-detailName-253 MuiGrid-item-7 MuiGrid-grid-xs-6-45"
          >
            <p
              class="MuiTypography-root-115 MuiTypography-body2-116 MuiTypography-colorTextSecondary-141"
            >
              Expiration Price
            </p>
          </div>
          <div
            class="MuiGrid-root-5 makeStyles-placeholder-255 MuiGrid-container-6 MuiGrid-item-7 MuiGrid-grid-xs-6-45"
          >
            <div
              class="MuiGrid-root-5 MuiGrid-item-7 MuiGrid-grid-xs-12-51"
            >
              <p
                class="MuiTypography-root-115 MuiTypography-body2-116 MuiTypography-colorTextPrimary-140"
              >
                -
              </p>
            </div>
          </div>
        </div>
      </div>
    </div>
    <div
      class="MuiGrid-root-5 MuiGrid-item-7 MuiGrid-grid-xs-12-51"
    >
      <div
        class="MuiGrid-root-5 MuiGrid-container-6"
      >
        <button
          class="MuiButtonBase-root-248 MuiButton-root-219 MuiButton-contained-227 makeStyles-button-256 MuiButton-containedPrimary-228 MuiButton-containedSizeLarge-239 MuiButton-sizeLarge-241 MuiButton-disabled-232 MuiButtonBase-disabled-249"
          disabled=""
          tabindex="-1"
          type="button"
        >
          <span
            class="MuiButton-label-220"
          >
            Select a Token
          </span>
        </button>
      </div>
    </div>
  </div>
</div>
`;
