// Jest Snapshot v1, https://goo.gl/fbAQLP

exports[`Breadcrumb displays sett breadcrumb 1`] = `
<div>
  <nav
    aria-label="breadcrumb"
    class="MuiTypography-root-7 MuiBreadcrumbs-root-3 MuiTypography-body1-9 MuiTypography-colorTextSecondary-33"
  >
    <ol
      class="MuiBreadcrumbs-ol-4"
    >
      <li
        class="MuiBreadcrumbs-li-5"
      >
        <a
          class="MuiTypography-root-7 MuiLink-root-37 MuiLink-underlineHover-39 makeStyles-link-2 makeStyles-breadcrumbsItem-1 MuiTypography-colorInherit-29"
        >
          Vaults
        </a>
      </li>
      <li
        aria-hidden="true"
        class="MuiBreadcrumbs-separator-6"
      >
        <svg
          aria-hidden="true"
          class="MuiSvgIcon-root-43 MuiSvgIcon-fontSizeSmall-50"
          focusable="false"
          viewBox="0 0 24 24"
        >
          <path
            d="M10 6L8.59 7.41 13.17 12l-4.58 4.59L10 18l6-6z"
          />
        </svg>
      </li>
      <li
        class="MuiBreadcrumbs-li-5"
      >
        <p
          class="MuiTypography-root-7 makeStyles-breadcrumbsItem-1 MuiTypography-body1-9 MuiTypography-colorTextSecondary-33"
        >
          Curve.fi renBTC/wBTC/sBTC
        </p>
      </li>
    </ol>
  </nav>
</div>
`;
