// Jest Snapshot v1, https://goo.gl/fbAQLP

exports[`Holdings displays holdings with balance 1`] = `
<div>
  <div
    class="MuiGrid-root-3 MuiGrid-container-4"
  >
    <div
      class="MuiGrid-root-3 MuiGrid-container-4"
    >
      <p
        class="MuiTypography-root-106 makeStyles-settInfoTitle-1 MuiTypography-body1-108"
      >
        Your Vault Info
      </p>
    </div>
    <div
      class="MuiGrid-root-3 MuiGrid-container-4 MuiGrid-spacing-xs-1-26 MuiGrid-align-items-xs-center-12"
    >
      <div
        class="MuiGrid-root-3 MuiGrid-item-5 MuiGrid-grid-xs-12-49 MuiGrid-grid-sm-true-51"
      >
        <div
          class="MuiPaper-root-143 makeStyles-cardContainer-138 MuiPaper-elevation1-147 MuiPaper-rounded-144"
        >
          <div
            class="makeStyles-titleContainer-136"
          >
            <p
              class="MuiTypography-root-106 makeStyles-holdingsName-137 MuiTypography-body1-108"
            >
              Total Deposited
            </p>
            <svg
              aria-hidden="true"
              aria-label="sett token distribution"
              class="MuiSvgIcon-root-183 makeStyles-helpIcon-171"
              focusable="false"
              viewBox="0 0 24 24"
            >
              <path
                d="M12 2C6.48 2 2 6.48 2 12s4.48 10 10 10 10-4.48 10-10S17.52 2 12 2zm1 17h-2v-2h2v2zm2.07-7.75l-.9.92C13.45 12.9 13 13.5 13 15h-2v-.5c0-1.1.45-2.1 1.17-2.83l1.24-1.26c.37-.36.59-.86.59-1.41 0-1.1-.9-2-2-2s-2 .9-2 2H8c0-2.21 1.79-4 4-4s4 1.79 4 4c0 .88-.36 1.68-.93 2.25z"
              />
            </svg>
          </div>
          <hr
            class="MuiDivider-root-192"
          />
          <div
            class="MuiGrid-root-3 makeStyles-amountsContainer-141 MuiGrid-container-4"
          >
            <div
              class="MuiBox-root-199 MuiBox-root-200 makeStyles-amountText-142"
            >
              <div
                class="makeStyles-logoContainer-139"
              >
                <div
                  class="makeStyles-root-201"
                >
                  <img
                    alt="BBTC logo"
                    class="makeStyles-position-202"
                    height="32"
                    src="/assets/icons/bbtc.svg"
                    width="32"
                  />
                  <img
                    alt="crvRenWSBTC logo"
                    class="makeStyles-position-203"
                    height="32"
                    src="/assets/icons/crvrenwsbtc.svg"
                    width="32"
                  />
                </div>
              </div>
              <div>
                <h5
                  class="MuiTypography-root-106 MuiTypography-h5-115"
                >
                  1.99000
                </h5>
                <p
                  class="MuiTypography-root-106 MuiTypography-body2-107 MuiTypography-colorTextSecondary-132"
                >
                  $26
                </p>
              </div>
            </div>
          </div>
        </div>
      </div>
    </div>
  </div>
</div>
`;

exports[`Holdings displays holdings with no balance 1`] = `
<div>
  <div
    class="MuiGrid-root-3 MuiGrid-container-4"
  >
    <div
      class="MuiGrid-root-3 MuiGrid-container-4"
    >
      <p
        class="MuiTypography-root-106 makeStyles-settInfoTitle-1 MuiTypography-body1-108"
      >
        Your Vault Info
      </p>
    </div>
    <div
      class="MuiGrid-root-3 MuiGrid-container-4 MuiGrid-spacing-xs-1-26 MuiGrid-align-items-xs-center-12"
    >
      <div
        class="MuiGrid-root-3 MuiGrid-item-5 MuiGrid-grid-xs-12-49 MuiGrid-grid-sm-true-51"
      >
        <div
          class="MuiPaper-root-143 makeStyles-cardContainer-138 MuiPaper-elevation1-147 MuiPaper-rounded-144"
        >
          <div
            class="makeStyles-titleContainer-136"
          >
            <p
              class="MuiTypography-root-106 makeStyles-holdingsName-137 MuiTypography-body1-108"
            >
              Total Deposited
            </p>
            <svg
              aria-hidden="true"
              aria-label="sett token distribution"
              class="MuiSvgIcon-root-183 makeStyles-helpIcon-171"
              focusable="false"
              viewBox="0 0 24 24"
            >
              <path
                d="M12 2C6.48 2 2 6.48 2 12s4.48 10 10 10 10-4.48 10-10S17.52 2 12 2zm1 17h-2v-2h2v2zm2.07-7.75l-.9.92C13.45 12.9 13 13.5 13 15h-2v-.5c0-1.1.45-2.1 1.17-2.83l1.24-1.26c.37-.36.59-.86.59-1.41 0-1.1-.9-2-2-2s-2 .9-2 2H8c0-2.21 1.79-4 4-4s4 1.79 4 4c0 .88-.36 1.68-.93 2.25z"
              />
            </svg>
          </div>
          <hr
            class="MuiDivider-root-192"
          />
          <div
            class="MuiGrid-root-3 makeStyles-amountsContainer-141 MuiGrid-container-4"
          >
            <div
              class="MuiBox-root-199 MuiBox-root-200 makeStyles-amountText-142"
            >
              <div
                class="makeStyles-logoContainer-139"
              >
                <div
                  class="makeStyles-root-201"
                >
                  <img
                    alt="BBTC logo"
                    class="makeStyles-position-202"
                    height="32"
                    src="/assets/icons/bbtc.svg"
                    width="32"
                  />
                  <img
                    alt="crvRenWSBTC logo"
                    class="makeStyles-position-203"
                    height="32"
                    src="/assets/icons/crvrenwsbtc.svg"
                    width="32"
                  />
                </div>
              </div>
              <div>
                <h5
                  class="MuiTypography-root-106 MuiTypography-h5-115"
                >
                  1.99000
                </h5>
                <p
                  class="MuiTypography-root-106 MuiTypography-body2-107 MuiTypography-colorTextSecondary-132"
                >
                  $26
                </p>
              </div>
            </div>
          </div>
        </div>
      </div>
    </div>
  </div>
</div>
`;
