// Jest Snapshot v1, https://goo.gl/fbAQLP

exports[`Information Card displays sett information 1`] = `
<div>
  <div
    class="MuiPaper-root-3 MuiCard-root-2 WithStyles(ForwardRef(Card))-root-1 MuiPaper-elevation1-7 MuiPaper-rounded-4"
  >
    <div
      class="MuiGrid-root-33 makeStyles-root-31 MuiGrid-container-34"
    >
      <p
        class="MuiTypography-root-136 MuiTypography-body1-138"
      >
        Value
      </p>
      <hr
        class="MuiDivider-root-168 WithStyles(ForwardRef(Divider))-root-166 WithStyles(ForwardRef(Divider))-root-167"
      />
      <p
        class="MuiTypography-root-136 makeStyles-amount-32 MuiTypography-body1-138"
      >
        $7,921,648.24
      </p>
    </div>
    <div
      class="MuiGrid-root-33 makeStyles-root-175 MuiGrid-container-34"
    >
      <p
        class="MuiTypography-root-136 MuiTypography-body1-138"
      >
        Tokens
      </p>
      <hr
        class="MuiDivider-root-168 WithStyles(ForwardRef(Divider))-root-166 WithStyles(ForwardRef(Divider))-root-181"
      />
      <div
        class="MuiGrid-root-33 MuiGrid-container-34"
      >
        <div
          class="MuiGrid-root-33 makeStyles-tokenSpec-177 MuiGrid-container-34 MuiGrid-justify-xs-space-between-53"
        >
          <div
            class="MuiBox-root-182 MuiBox-root-183"
          >
            <div
              class="makeStyles-tokenImageContainer-179"
            >
              <img
                alt="wbtc-icon"
                class="makeStyles-tokenImage-180"
                src="/assets/icons/wbtc.svg"
              />
            </div>
            <p
              class="MuiTypography-root-136 makeStyles-specName-176 makeStyles-tokenName-178 MuiTypography-body1-138 MuiTypography-colorTextSecondary-162 MuiTypography-displayInline-164"
            >
              WBTC
            </p>
          </div>
          <h6
            class="MuiTypography-root-136 MuiTypography-subtitle2-148 MuiTypography-displayInline-164"
          >
            114
          </h6>
        </div>
        <div
          class="MuiGrid-root-33 makeStyles-tokenSpec-177 MuiGrid-container-34 MuiGrid-justify-xs-space-between-53"
        >
          <div
            class="MuiBox-root-182 MuiBox-root-184"
          >
            <div
              class="makeStyles-tokenImageContainer-179"
            >
              <img
                alt="digg-icon"
                class="makeStyles-tokenImage-180"
                src="/assets/icons/digg.png"
              />
            </div>
            <p
              class="MuiTypography-root-136 makeStyles-specName-176 makeStyles-tokenName-178 MuiTypography-body1-138 MuiTypography-colorTextSecondary-162 MuiTypography-displayInline-164"
            >
              DIGG
            </p>
          </div>
          <h6
            class="MuiTypography-root-136 MuiTypography-subtitle2-148 MuiTypography-displayInline-164"
          >
            123
          </h6>
        </div>
        <div
          class="MuiGrid-root-33 MuiGrid-container-34 MuiGrid-justify-xs-space-between-53"
        >
          <p
            class="MuiTypography-root-136 makeStyles-specName-176 MuiTypography-body1-138 MuiTypography-colorTextSecondary-162 MuiTypography-displayInline-164"
          >
            Token Ratio
          </p>
          <h6
            class="MuiTypography-root-136 MuiTypography-subtitle2-148 MuiTypography-displayInline-164"
          >
            1.0789
          </h6>
        </div>
      </div>
    </div>
    <div
      class="MuiGrid-root-33 makeStyles-root-185 MuiGrid-container-34"
    >
      <p
        class="MuiTypography-root-136 MuiTypography-body1-138"
      >
        Claims
      </p>
      <hr
        class="MuiDivider-root-168 WithStyles(ForwardRef(Divider))-root-166 WithStyles(ForwardRef(Divider))-root-191"
      />
      <div
        class="MuiGrid-root-33 MuiGrid-container-34 MuiGrid-align-items-xs-center-42"
      >
        <div
          class="MuiGrid-root-33 MuiGrid-container-34 MuiGrid-item-35 MuiGrid-grid-xs-9-76"
        >
          <p
            class="MuiTypography-root-136 makeStyles-rewardsFrequency-186 MuiTypography-body1-138 MuiTypography-colorTextSecondary-162"
          >
            Reward Frequency
          </p>
          <span
            class="MuiTypography-root-136 makeStyles-frequencyDetail-187 MuiTypography-caption-139 MuiTypography-colorTextSecondary-162"
          >
            This Settâ€™s rewards are currently taking longer than usual.
          </span>
          <a
            class="MuiTypography-root-136 MuiLink-root-192 MuiLink-underlineHover-194 makeStyles-infoLink-188 MuiTypography-colorPrimary-159"
          >
            See more
          </a>
        </div>
        <div
          class="MuiGrid-root-33 makeStyles-rewardContainer-190 MuiGrid-item-35 MuiGrid-grid-xs-true-67"
        >
          <p
            class="MuiTypography-root-136 makeStyles-reward-189 MuiTypography-body1-138 MuiTypography-displayInline-164"
          >
            ~2 Hours
          </p>
        </div>
      </div>
    </div>
    <div
      class="MuiGrid-root-33 makeStyles-root-198 MuiGrid-container-34"
    >
      <p
        class="MuiTypography-root-136 MuiTypography-body1-138"
      >
        Harvests
      </p>
      <hr
        class="MuiDivider-root-168 WithStyles(ForwardRef(Divider))-root-166 WithStyles(ForwardRef(Divider))-root-203"
      />
      <div
        class="MuiGrid-root-33 MuiGrid-container-34 MuiGrid-align-items-xs-center-42"
      >
        <div
          class="MuiGrid-root-33 MuiGrid-container-34 MuiGrid-item-35 MuiGrid-grid-xs-9-76"
        >
          <p
            class="MuiTypography-root-136 makeStyles-harvestFrequency-199 MuiTypography-body1-138 MuiTypography-colorTextSecondary-162"
          >
            Harvest Frequency
          </p>
          <a
            class="MuiTypography-root-136 MuiLink-root-192 MuiLink-underlineHover-194 makeStyles-infoLink-200 MuiTypography-colorPrimary-159"
          >
            See Sett Harvest Stats
          </a>
        </div>
        <div
          class="MuiGrid-root-33 makeStyles-harvestContainer-202 MuiGrid-item-35 MuiGrid-grid-xs-true-67"
        >
          <p
            class="MuiTypography-root-136 makeStyles-harvest-201 MuiTypography-body1-138 MuiTypography-displayInline-164"
          >
            ~24 Hours
          </p>
        </div>
      </div>
    </div>
    <div
      class="MuiGrid-root-33 MuiGrid-container-34"
    >
      <p
        class="MuiTypography-root-136 MuiTypography-body1-138"
      >
        Fees
      </p>
      <hr
        class="MuiDivider-root-168 WithStyles(ForwardRef(Divider))-root-166 WithStyles(ForwardRef(Divider))-root-205"
      />
      <div
        class="MuiGrid-root-33 MuiGrid-container-34"
      >
        <div
          class="MuiGrid-root-33 MuiGrid-container-34 MuiGrid-justify-xs-space-between-53"
        >
          <p
            class="MuiTypography-root-136 makeStyles-specName-204 MuiTypography-body1-138 MuiTypography-colorTextSecondary-162 MuiTypography-displayInline-164"
          >
            Withdrawal Fee
          </p>
          <h6
            class="MuiTypography-root-136 MuiTypography-subtitle2-148 MuiTypography-displayInline-164"
          >
            0.5%
          </h6>
        </div>
        <div
          class="MuiGrid-root-33 MuiGrid-container-34 MuiGrid-justify-xs-space-between-53"
        >
          <p
            class="MuiTypography-root-136 makeStyles-specName-204 MuiTypography-body1-138 MuiTypography-colorTextSecondary-162 MuiTypography-displayInline-164"
          >
            Performance Fee
          </p>
          <h6
            class="MuiTypography-root-136 MuiTypography-subtitle2-148 MuiTypography-displayInline-164"
          >
            20.0%
          </h6>
        </div>
      </div>
    </div>
  </div>
</div>
`;
