// Jest Snapshot v1, https://goo.gl/fbAQLP

exports[`WalletSlider Renders correctly 1`] = `
<div>
  <label
    class="MuiFormControlLabel-root makeStyles-walletSlider-1"
  >
    <span
      class="MuiSwitch-root"
    >
      <span
        aria-disabled="false"
        class="MuiButtonBase-root MuiIconButton-root PrivateSwitchBase-root-2 MuiSwitch-switchBase MuiSwitch-colorPrimary"
      >
        <span
          class="MuiIconButton-label"
        >
          <input
            class="PrivateSwitchBase-input-5 MuiSwitch-input"
            type="checkbox"
            value=""
          />
          <span
            class="MuiSwitch-thumb"
          />
        </span>
        <span
          class="MuiTouchRipple-root"
        />
      </span>
      <span
        class="MuiSwitch-track"
      />
    </span>
    <span
      class="MuiTypography-root MuiFormControlLabel-label MuiTypography-body1"
    >
      Portfolio View
    </span>
  </label>
</div>
`;
