// Jest Snapshot v1, https://goo.gl/fbAQLP

exports[`CurrencyInfoCard Renders correctly 1`] = `
<div>
  <div
    class="MuiPaper-root makeStyles-infoPaper-1 MuiPaper-elevation2 MuiPaper-rounded"
  >
    <h6
      class="MuiTypography-root MuiTypography-subtitle1 MuiTypography-colorTextPrimary"
    >
      Test Price
    </h6>
    <h5
      class="MuiTypography-root MuiTypography-h5"
    >
      $40.00
    </h5>
  </div>
</div>
`;
